Starting client with packet loss simulation...
Client connecting to 127.0.0.1:8080... Chat mode: OFF, Loss rate: 0.00
SND SEQ=500, ACK=0, Flags=[SYN ], Win=1024
Waiting for SYN-ACK...
RCV SEQ=1000, ACK=501, Flags=[SYN ACK ], Win=1024
SND SEQ=501, ACK=1001, Flags=[ACK ], Win=1024
Connection established!
File transfer mode with flow control. Sending file 'large_test.txt' as 'retrans_test_output.txt'...
SND SEQ=501, ACK=0, Flags=[], Win=1024
RCV SEQ=1001, ACK=524, Flags=[ACK ], Win=2048
Flow Control: LastByteAcked=524, AdvertisedWindow=2048, Unacked=0
Sent 1024 bytes, total: 1024, unacked: 1
RCV SEQ=1001, ACK=1548, Flags=[ACK ], Win=2048
Flow Control: LastByteAcked=1548, AdvertisedWindow=2048, Unacked=0
Received ACK=1548, window_base=1, next_seq=1
🔴 SIMULATED PACKET LOSS: SEQ=1548 (packet #2)
Sent 1024 bytes, total: 2048, unacked: 1
Sent 1024 bytes, total: 3072, unacked: 2
RCV SEQ=1001, ACK=1548, Flags=[ACK ], Win=2048
Flow Control: LastByteAcked=1548, AdvertisedWindow=2048, Unacked=2048
Received ACK=1548, window_base=1, next_seq=3
Flow control: Window full, waiting for ACKs...
Flow control: Window full, waiting for ACKs...
Flow control: Window full, waiting for ACKs...
Flow control: Window full, waiting for ACKs...
Flow control: Window full, waiting for ACKs...
Flow control: Window full, waiting for ACKs...
Flow control: Window full, waiting for ACKs...
Flow control: Window full, waiting for ACKs...
Flow control: Window full, waiting for ACKs...
Flow control: Window full, waiting for ACKs...
Flow control: Window full, waiting for ACKs...
Flow control: Window full, waiting for ACKs...
Flow control: Window full, waiting for ACKs...
Flow control: Window full, waiting for ACKs...
Flow control: Window full, waiting for ACKs...
Flow control: Window full, waiting for ACKs...
Flow control: Window full, waiting for ACKs...
Flow control: Window full, waiting for ACKs...
Flow control: Window full, waiting for ACKs...
Flow control: Window full, waiting for ACKs...
Flow control: Window full, waiting for ACKs...
Flow control: Window full, waiting for ACKs...
Flow control: Window full, waiting for ACKs...
Flow control: Window full, waiting for ACKs...
Flow control: Window full, waiting for ACKs...
Flow control: Window full, waiting for ACKs...
Flow control: Window full, waiting for ACKs...
Flow control: Window full, waiting for ACKs...
Flow control: Window full, waiting for ACKs...
Flow control: Window full, waiting for ACKs...
Flow control: Window full, waiting for ACKs...
Flow control: Window full, waiting for ACKs...
Flow control: Window full, waiting for ACKs...
Flow control: Window full, waiting for ACKs...
Flow control: Window full, waiting for ACKs...
Flow control: Window full, waiting for ACKs...
Flow control: Window full, waiting for ACKs...
Flow control: Window full, waiting for ACKs...
Flow control: Window full, waiting for ACKs...
Flow control: Window full, waiting for ACKs...
Flow control: Window full, waiting for ACKs...
Flow control: Window full, waiting for ACKs...
Flow control: Window full, waiting for ACKs...
Flow control: Window full, waiting for ACKs...
Flow control: Window full, waiting for ACKs...
RCV SEQ=1001, ACK=3596, Flags=[ACK ], Win=2025
Flow Control: LastByteAcked=3596, AdvertisedWindow=2025, Unacked=0
Received ACK=3596, window_base=3, next_seq=3
🔴 SIMULATED PACKET LOSS: SEQ=3596 (packet #4)
Sent 1024 bytes, total: 4096, unacked: 1
Flow control: Window full, waiting for ACKs...
Flow control: Window full, waiting for ACKs...
Flow control: Window full, waiting for ACKs...
Flow control: Window full, waiting for ACKs...
Flow control: Window full, waiting for ACKs...
Flow control: Window full, waiting for ACKs...
Flow control: Window full, waiting for ACKs...
Flow control: Window full, waiting for ACKs...
Flow control: Window full, waiting for ACKs...
Flow control: Window full, waiting for ACKs...
Flow control: Window full, waiting for ACKs...
Flow control: Window full, waiting for ACKs...
Flow control: Window full, waiting for ACKs...
Flow control: Window full, waiting for ACKs...
Flow control: Window full, waiting for ACKs...
Flow control: Window full, waiting for ACKs...
Flow control: Window full, waiting for ACKs...
Flow control: Window full, waiting for ACKs...
Flow control: Window full, waiting for ACKs...
Flow control: Window full, waiting for ACKs...
Flow control: Window full, waiting for ACKs...
Flow control: Window full, waiting for ACKs...
Flow control: Window full, waiting for ACKs...
Flow control: Window full, waiting for ACKs...
Flow control: Window full, waiting for ACKs...
Flow control: Window full, waiting for ACKs...
Flow control: Window full, waiting for ACKs...
Flow control: Window full, waiting for ACKs...
Flow control: Window full, waiting for ACKs...
Flow control: Window full, waiting for ACKs...
Flow control: Window full, waiting for ACKs...
Flow control: Window full, waiting for ACKs...
Flow control: Window full, waiting for ACKs...
Flow control: Window full, waiting for ACKs...
Flow control: Window full, waiting for ACKs...
Flow control: Window full, waiting for ACKs...
Flow control: Window full, waiting for ACKs...
Flow control: Window full, waiting for ACKs...
Flow control: Window full, waiting for ACKs...
Flow control: Window full, waiting for ACKs...
Flow control: Window full, waiting for ACKs...
Flow control: Window full, waiting for ACKs...
Flow control: Window full, waiting for ACKs...
Flow control: Window full, waiting for ACKs...
Flow control: Window full, waiting for ACKs...
RCV SEQ=1001, ACK=4620, Flags=[ACK ], Win=1513
Flow Control: LastByteAcked=4620, AdvertisedWindow=1513, Unacked=0
Received ACK=4620, window_base=4, next_seq=4
Sent 1024 bytes, total: 5120, unacked: 1
RCV SEQ=1001, ACK=5644, Flags=[ACK ], Win=1001
Flow Control: LastByteAcked=5644, AdvertisedWindow=1001, Unacked=0
Received ACK=5644, window_base=5, next_seq=5
End of file reached, waiting for remaining ACKs...
SND SEQ=5644, ACK=0, Flags=[FIN ], Win=1024
Initiating connection termination...
RCV SEQ=1001, ACK=5645, Flags=[ACK ], Win=1024
Server acknowledged FIN.
RCV SEQ=1001, ACK=5645, Flags=[FIN ], Win=1024
Received FIN from server.
SND SEQ=5645, ACK=1002, Flags=[ACK ], Win=1024
Connection terminated gracefully.
File transfer completed. Total bytes sent: 5120
Server listening on port 8080... Chat mode: OFF, Loss rate: 0.00
Waiting for SYN...
RCV SEQ=500, ACK=0, Flags=[SYN ], Win=1024
SND SEQ=1000, ACK=501, Flags=[SYN ACK ], Win=1024
Waiting for ACK...
RCV SEQ=501, ACK=1001, Flags=[ACK ], Win=1024
Connection established!
File transfer mode with flow control. Receiving file...
RCV SEQ=501, ACK=0, Flags=[], Win=1024
Receiving file as: retrans_test_output.txt
Flow Control: Received 23 bytes, buffer used: 23/4096
SND SEQ=1001, ACK=524, Flags=[ACK ], Win=2048
RCV SEQ=524, ACK=0, Flags=[], Win=1024
Flow Control: Received 1024 bytes, buffer used: 1047/4096
Received in-order packet: SEQ=524, LEN=1024
Flow Control: Consumed 512 bytes, buffer now 535/4096
SND SEQ=1001, ACK=1548, Flags=[ACK ], Win=2048
Flow Control: Advertised window size: 2048
RCV SEQ=2572, ACK=0, Flags=[], Win=1024
Buffered out-of-order packet: SEQ=2572 (expecting 1548), buffered_count=1
SND SEQ=1001, ACK=1548, Flags=[ACK ], Win=2048
Flow Control: Advertised window size: 2048
RCV SEQ=1548, ACK=0, Flags=[], Win=1024
Flow Control: Received 1024 bytes, buffer used: 1559/4096
Received in-order packet: SEQ=1548, LEN=1024
Processed 1 buffered packets
Flow Control: Consumed 512 bytes, buffer now 2071/4096
SND SEQ=1001, ACK=3596, Flags=[ACK ], Win=2025
Flow Control: Advertised window size: 2025
RCV SEQ=3596, ACK=0, Flags=[], Win=1024
Flow Control: Received 1024 bytes, buffer used: 3095/4096
Received in-order packet: SEQ=3596, LEN=1024
Flow Control: Consumed 512 bytes, buffer now 2583/4096
SND SEQ=1001, ACK=4620, Flags=[ACK ], Win=1513
Flow Control: Advertised window size: 1513
RCV SEQ=4620, ACK=0, Flags=[], Win=1024
Flow Control: Received 1024 bytes, buffer used: 3607/4096
Received in-order packet: SEQ=4620, LEN=1024
Flow Control: Consumed 512 bytes, buffer now 3095/4096
SND SEQ=1001, ACK=5644, Flags=[ACK ], Win=1001
Flow Control: Advertised window size: 1001
RCV SEQ=5644, ACK=0, Flags=[FIN ], Win=1024
Received FIN. Starting termination handshake...
SND SEQ=1001, ACK=5645, Flags=[ACK ], Win=1024
SND SEQ=1001, ACK=5645, Flags=[FIN ], Win=1024
RCV SEQ=5645, ACK=1002, Flags=[ACK ], Win=1024
Connection terminated gracefully.
File transfer completed. Saved as 'retrans_test_output.txt'
